Found on opendj3-server-dev branch (revision 10506).

Found using functional test which:

	setup instance
	create a user-defined virtual attribute
	check that the virtual attribute has been correctly added
=> at this point unable to connect to the admin port
	restart the server
=> restart fails to start with InitializationException




- setup instance
$ ./opendj/setup --cli -D cn=myself -w password -h localhost -p 1389 --adminConnectorPort 4444 -b dc=com -d 10 -n

- create a user-defined virtual attribute
$ ./opendj/bin/dsconfig create-virtual-attribute --type user-defined --name userDefinedVirtualAttr1 --set enabled:true --set attribute-type:manager --set value:"John Doe" --set base-dn:dc=com -D cn=myself -w password -h localhost -p 4444 -X -n
=> no error displayed
=> no errors in the access or error logs

- check that the virtual attribute has been correctly added
$ ./opendj/bin/dsconfig list-virtual-attributes -D cn=myself -w password -h localhost -p 4444 -X -n
Unable to connect to the server at "localhost" on port 4444

- stop the server
$ ./opendj/bin/stop-ds 
Stopping Server...
[10/Mar/2014:16:43:26 +0100] category=JEB severity=NOTICE resource=messages.backend msgID=370 msg=The backend userRoot is now taken offline
[10/Mar/2014:16:43:26 +0100] category=CORE severity=NOTICE resource=messages.core msgID=203 msg=The Directory Server is now stopped

- start the server
$ ./opendj/bin/start-ds 
[10/Mar/2014:16:43:48 +0100] category=CORE severity=NOTICE resource=messages.core msgID=134 msg=OpenDJ 3.0.0 (build 20140310100537Z, R10506) starting up
[10/Mar/2014:16:43:50 +0100] category=UTIL severity=NOTICE resource=messages.runtime_information msgID=21 msg=Installation Directory:  /tmp/opendj
[10/Mar/2014:16:43:50 +0100] category=UTIL severity=NOTICE resource=messages.runtime_information msgID=23 msg=Instance Directory:      /tmp/opendj
[10/Mar/2014:16:43:50 +0100] category=UTIL severity=NOTICE resource=messages.runtime_information msgID=17 msg=JVM Information: 1.7.0_25-b15 by Oracle Corporation, 64-bit architecture, 1847394304 bytes heap size
[10/Mar/2014:16:43:50 +0100] category=UTIL severity=NOTICE resource=messages.runtime_information msgID=18 msg=JVM Host: myhost, running Linux 3.11.0-18-generic amd64, 8310509568 bytes physical memory size, number of processors available 4
[10/Mar/2014:16:43:50 +0100] category=UTIL severity=NOTICE resource=messages.runtime_information msgID=19 msg=JVM Arguments: "-Dorg.opends.server.scriptName=start-ds"
[10/Mar/2014:16:43:50 +0100] category=CORE severity=NOTICE resource=messages.core msgID=139 msg=The Directory Server has sent an alert notification generated by class org.opends.server.core.DirectoryServer (alert type org.opends.server.DirectoryServerShutdown, alert ID messages.core-141):  The Directory Server has started the shutdown process.  The shutdown was initiated by an instance of class org.opends.server.core.DirectoryServer and the reason provided for the shutdown was An error occurred while trying to start the Directory Server:  An error occurred while attempting to instantiate class org.opends.server.authorization.dseecompat.AciHandler referenced in the access control configuration entry cn=Access Control Handler,cn=config:  InitializationException: An error occurred while attempting to instantiate class org.opends.server.authorization.dseecompat.AciHandler referenced in the access control configuration entry cn=Access Control Handler,cn=config:  InitializationException: An unexpected error occurred while processing the  aci attributes in the configuration system (AciHandler.java:1221 AciHandler.java:237 AciHandler.java:65 AccessControlConfigManager.java:447 AccessControlConfigManager.java:291 AccessControlConfigManager.java:215 AccessControlConfigManager.java:180 DirectoryServer.java:1586 DirectoryServer.java:9233) (AccessControlConfigManager.java:468 AccessControlConfigManager.java:291 AccessControlConfigManager.java:215 AccessControlConfigManager.java:180 DirectoryServer.java:1586 DirectoryServer.java:9233)
[10/Mar/2014:16:43:50 +0100] category=CORE severity=NOTICE resource=messages.core msgID=203 msg=The Directory Server is now stopped

