Found using OpenDJ3 dev branch (revision 11248).

The following tools don't produce any output/logs when the server is stopped:

$ ./opendj/bin/backup -d ./tmp -n userRoot
$ ls ./tmp
backup.info  backup-userRoot-20141105144736Z




$ ./opendj/bin/restore -d ./tmp -I userRoot
$




$ ./opendj/bin/export-ldif -n userRoot -l ./export.ldif
$ ls export.ldif 
export.ldif




$ ./opendj/bin/import-ldif -F -n userRoot -l ./export.ldif
$



Here a example of the expected output for backup:

$ ./opendj/bin/backup -d ./tmp -n userRoot
[05/Nov/2014:16:01:52 +0100] category=TOOLS severity=NOTICE msgID=10944792 msg=Starting backup for backend userRoot
[05/Nov/2014:16:01:52 +0100] category=JEB severity=NOTICE msgID=8847446 msg=Archived: 00000000.jdb
[05/Nov/2014:16:01:52 +0100] category=TOOLS severity=NOTICE msgID=10944795 msg=The backup process completed successfully



Moreover restore and import-ldif should display an error when the server is online, like rebuild-index tool:

$ ./opendj/bin/rebuild-index -b dc=com -i uid
[05/11/2014:15:58:59 +0100] category=ADMIN seq=0 severity=INFO msg=Loaded extension from file './opendj/lib/extensions/snmp-mib2605.jar' (build 3.0.0, revision -1)
[05/11/2014:15:59:01 +0100] category=TOOLS seq=1 severity=SEVERE msg=An error occurred while attempting to acquire a exclusive lock for backend userRoot:  The exclusive lock requested for file ./opendj/locks/backend-userRoot.lock was not granted, which indicates that another process already holds a shared or exclusive lock on that file.  This generally means that some other process has an lock on this backend or the server is running with this backend online. The rebuild process cannot continue

