Found using dev branch (revision 11326).

Scenario:
************

	setup the server
	change a property of the Certificate Attribute Syntax

$ ./opendj/bin/dsconfig set-attribute-syntax-prop --syntax-name "Certificate" --set "strict-format:false" -h localhost -p 4444 -D "cn=myself" -w "password" -n -X 
The Certificate Attribute Syntax could not be modified due to a communications
problem: Other: The attempt to apply the configuration modification failed.
The preliminary checks were all successful and the modified entry was written
to the server configuration, but at least one of the configuration change
listeners reported an error when attempting to apply the change: The attribute
syntax defined in configuration entry cn=Certificate,cn=Syntaxes,cn=config
conflicts with another syntax defined in the server configuration: Unable to
register attribute syntax Certificate with the server schema because its OID
1.3.6.1.4.1.1466.115.121.1.8 conflicts with the OID of an existing syntax
Certificate. This attribute syntax will not be used
$ echo $?
1


	despite the error, the modification is correctly applied

$ ./tmp/opendj-basic-inst1/opendj/bin/dsconfig get-attribute-syntax-prop --syntax-name Certificate --advanced -h localhost -p 4444 -D cn=myself -w password -n -X
Property      : Value(s)
--------------:-------------------------------------------
enabled       : true
java-class    : org.opends.server.schema.CertificateSyntax
strict-format : false


	if I run the command twice, the command succeeds

$ ./opendj/bin/dsconfig set-attribute-syntax-prop --syntax-name "Certificate" --set "strict-format:false" -h localhost -p 4444 -D "cn=myself" -w "password" -n -X 
$ echo $?
0



