Found using Rest2Ldap Gateway Servlet 3.0.0.f0bfe52b31dd16e7b8f740e69c1a68d839323758

I used the following java version:

$ java -version
java version "1.7.0_79"
Java(TM) SE Runtime Environment (build 1.7.0_79-b15)
Java HotSpot(TM) 64-Bit Server VM (build 24.79-b02, mixed mode)



Scenario
1. extract Tomcat 7
2. extract Rest2Ldap Gateway Servlet to webapp folder

$ mkdir apache-tomcat-7.0.62/webapps/rest2ldap
$ unzip -d apache-tomcat-7.0.62/webapps/rest2ldap ./opendj-rest2ldap-servlet-3.0.0-SNAPSHOT.war


3. start Tomcat 7

$ chmod a+x apache-tomcat-7.0.62/bin/*.sh
$ apache-tomcat-7.0.62/bin/startup.sh



And I had the following exception in the 'apache-tomcat-7.0.62/logs/catalina.out' file:

NFO: Deploying web application directory /local/wks/pyforge/archives/apache-tomcat-7.0.62/webapps/rest2ldap
Sep 16, 2015 4:37:23 PM org.apache.tomcat.util.digester.Digester fatalError
SEVERE: Parse Fatal Error at line 17 column 6: The processing instruction target matching "[xX][mM][lL]" is not allowed.
org.xml.sax.SAXParseException; systemId: jndi:/localhost/rest2ldap/WEB-INF/web.xml; lineNumber: 17; columnNumber: 6; The processing instruction target matching "[xX][mM][lL]" is not allowed.
	at com.sun.org.apache.xerces.internal.util.ErrorHandlerWrapper.createSAXParseException(ErrorHandlerWrapper.java:198)
	at com.sun.org.apache.xerces.internal.util.ErrorHandlerWrapper.fatalError(ErrorHandlerWrapper.java:177)
	at com.sun.org.apache.xerces.internal.impl.XMLErrorReporter.reportError(XMLErrorReporter.java:441)
	at com.sun.org.apache.xerces.internal.impl.XMLErrorReporter.reportError(XMLErrorReporter.java:368)
	at com.sun.org.apache.xerces.internal.impl.XMLScanner.reportFatalError(XMLScanner.java:1436)
	at com.sun.org.apache.xerces.internal.impl.XMLScanner.scanPIData(XMLScanner.java:723)
	at com.sun.org.apache.xerces.internal.impl.XMLDocumentFragmentScannerImpl.scanPIData(XMLDocumentFragmentScannerImpl.java:1018)
	at com.sun.org.apache.xerces.internal.impl.XMLScanner.scanPI(XMLScanner.java:691)
	at com.sun.org.apache.xerces.internal.impl.XMLDocumentScannerImpl$PrologDriver.next(XMLDocumentScannerImpl.java:912)
	at com.sun.org.apache.xerces.internal.impl.XMLDocumentScannerImpl.next(XMLDocumentScannerImpl.java:606)
	at com.sun.org.apache.xerces.internal.impl.XMLDocumentFragmentScannerImpl.scanDocument(XMLDocumentFragmentScannerImpl.java:510)
	at com.sun.org.apache.xerces.internal.parsers.XML11Configuration.parse(XML11Configuration.java:848)
	at com.sun.org.apache.xerces.internal.parsers.XML11Configuration.parse(XML11Configuration.java:777)
	at com.sun.org.apache.xerces.internal.parsers.XMLParser.parse(XMLParser.java:141)
	at com.sun.org.apache.xerces.internal.parsers.AbstractSAXParser.parse(AbstractSAXParser.java:1213)
	at com.sun.org.apache.xerces.internal.jaxp.SAXParserImpl$JAXPSAXParser.parse(SAXParserImpl.java:648)
	at org.apache.tomcat.util.digester.Digester.parse(Digester.java:1555)
	at org.apache.catalina.startup.ContextConfig.parseWebXml(ContextConfig.java:1843)
	at org.apache.catalina.startup.ContextConfig.webConfig(ContextConfig.java:1263)
	at org.apache.catalina.startup.ContextConfig.configureStart(ContextConfig.java:889)
	at org.apache.catalina.startup.ContextConfig.lifecycleEvent(ContextConfig.java:386)
	at org.apache.catalina.util.LifecycleSupport.fireLifecycleEvent(LifecycleSupport.java:117)
	at org.apache.catalina.util.LifecycleBase.fireLifecycleEvent(LifecycleBase.java:90)
	at org.apache.catalina.core.StandardContext.startInternal(StandardContext.java:5416)
	at org.apache.catalina.util.LifecycleBase.start(LifecycleBase.java:150)
	at org.apache.catalina.core.ContainerBase.addChildInternal(ContainerBase.java:901)
	at org.apache.catalina.core.ContainerBase.addChild(ContainerBase.java:877)
	at org.apache.catalina.core.StandardHost.addChild(StandardHost.java:652)
	at org.apache.catalina.startup.HostConfig.deployDirectory(HostConfig.java:1263)
	at org.apache.catalina.startup.HostConfig$DeployDirectory.run(HostConfig.java:1948)
	at java.util.concurrent.Executors$RunnableAdapter.call(Executors.java:471)
	at java.util.concurrent.FutureTask.run(FutureTask.java:262)
	at java.util.concurrent.ThreadPoolExecutor.runWorker(ThreadPoolExecutor.java:1145)
	at java.util.concurrent.ThreadPoolExecutor$Worker.run(ThreadPoolExecutor.java:615)
	at java.lang.Thread.run(Thread.java:745)



NOTE: I tried the following containers and jvm and I have the same problem

	containers: Tomcat7 and Jetty8
	jvm: jdk1.6.0_45 and jdk1.7.0_79

