Found using OpenDJ 6.0.0 rev 295f8236b74

Scenario
 1. configure an instance with some automatically-generated data

$ ./opendj/setup directory-server -h localhost -p 1389 -D "cn=myself" -w password --adminConnectorPort 4444 -Z 1636 -t je -b dc=example,dc=com -d 50


2. add aci to allow user.0 to add entry under "ou=people,dc=example,dc=com"

$ ./opendj/bin/ldapmodify -h localhost -p 1389 -D "cn=myself" -w password 	
dn: ou=people,dc=example,dc=com
changetype: modify
add: aci
aci: (target ="ldap:///ou=people,dc=example,dc=com") (targetattr != "userPassword")(version 3.0;acl "User uid=user.0,ou=people,dc=example,dc=com access"; allow(all)(userdn = "ldap:///uid=user.0,ou=people,dc=example,dc=com");)


3. set disk-low-threshold higher than current free disk space

$ ./opendj/bin/dsconfig -h localhost -p 4444 -D "cn=myself" -w password -X set-backend-prop --backend-name "userRoot" --set disk-low-threshold:"460 gb" --advanced -n


4. restart the instance

$ ./opendj/bin/stop-ds
$ ./opendj/bin/start-ds


5. as user.0 try to add an entry under "ou=people,dc=example,dc=com"

$ ./opendj/bin/ldapmodify -h localhost -p 1389 -D "uid=user.0,ou=people,dc=example,dc=com" -w password 	
dn: uid=user.100,ou=people,dc=example,dc=com
changetype: add
objectclass: inetorgperson
cn: User Additional
sn: Additional
uid: user.100
ERROR:
-- rc --
returned 255, expected 53
-- stdout --
# Processing ADD request for uid=user.100,ou=people,dc=example,dc=com


and looking at the error log we have the following exception:

[30/Oct/2017:10:29:04 +0100] category=CORE severity=ERROR msgID=108 msg=Worker Thread 3 encountered an uncaught exception while processing operation AddOperation(connID=1, opID=1, dn=uid=user.105,ou=people,dc=example,dc=com): NullPointerException (RootContainer.java:419 BackendImpl.java:121 BackendImpl.java:368 DirectoryServer.java:2611 AddOperation.java:655 AddOperation.java:562 AddOperation.java:501 TraditionalWorkerThread.java:122)
[30/Oct/2017:10:29:04 +0100] category=CORE severity=ERROR msgID=140 msg=An uncaught exception during processing for thread Worker Thread 3 has caused it to terminate abnormally. The stack trace for that exception is: UndeliverableException: org.forgerock.opendj.ldap.LdapException: Other: Worker Thread 3 encountered an uncaught exception while processing operation AddOperation(connID=1, opID=1, dn=uid=user.105,ou=people,dc=example,dc=com): NullPointerException (RootContainer.java:419 BackendImpl.java:121 BackendImpl.java:368 DirectoryServer.java:2611 AddOperation.java:655 AddOperation.java:562 AddOperation.java:501 TraditionalWorkerThread.java:122) (RxJavaPlugins.java:349 FlowableCreate.java:133 ReactiveHandlersUtils.java:404 LdapClientConnection.java:352 TraditionalWorkerThread.java:141)
[30/Oct/2017:10:29:04 +0100] category=CORE severity=NOTICE msgID=139 msg=The Directory Server has sent an alert notification generated by class org.opends.server.api.DirectoryThread (alert type org.opends.server.UncaughtException, alert ID org.opends.messages.core-140): An uncaught exception during processing for thread Worker Thread 3 has caused it to terminate abnormally. The stack trace for that exception is: UndeliverableException: org.forgerock.opendj.ldap.LdapException: Other: Worker Thread 3 encountered an uncaught exception while processing operation AddOperation(connID=1, opID=1, dn=uid=user.105,ou=people,dc=example,dc=com): NullPointerException (RootContainer.java:419 BackendImpl.java:121 BackendImpl.java:368 DirectoryServer.java:2611 AddOperation.java:655 AddOperation.java:562 AddOperation.java:501 TraditionalWorkerThread.java:122) (RxJavaPlugins.java:349 FlowableCreate.java:133 ReactiveHandlersUtils.java:404 LdapClientConnection.java:352 TraditionalWorkerThread.java:141)

