I can't make modifications, or even display, our custom password policy after upgrading.


	Here is the output:
$ dsconfig -n -h localhost -p $ADMIN_PORT -D "cn=directory manager" -j $DS_PASS_FILE -X   get-password-policy-prop --policy-name "Corporate Password Policy"



The Password Policy could not be decoded due to the following reason:


	The Password Policy property "java-class" is mandatory and must be
       specified
$




	If I do it on a box still running 2.4.3, I get :
$ dsconfig -n -h localhost -p $ADMIN_PORT -D "cn=directory manager" -j $DS_PASS_FILE -X   get-password-policy-prop --policy-name "Corporate Password Policy"
Property                                  : Value(s)
-----------------------------------------:-----------------------------------
account-status-notification-handler       : Error Log Handler, SMTP Handler
allow-expired-password-changes            : false
allow-user-password-changes               : true
default-password-storage-scheme           : Salted SHA-1
deprecated-password-storage-scheme        : -
expire-passwords-without-warning          : false
force-change-on-add                       : false
force-change-on-reset                     : false
grace-login-count                         : 0
idle-lockout-interval                     : 0 s
last-login-time-attribute                 : -
last-login-time-format                    : -
lockout-duration                          : 15 m
lockout-failure-count                     : 5
lockout-failure-expiration-interval       : 0 s
max-password-age                          : 8 w 4 d
max-password-reset-age                    : 0 s
min-password-age                          : 1 m
password-attribute                        : userpassword
password-change-requires-current-password : false
password-expiration-warning-interval      : 1 w
password-generator                        : Random Password Generator
password-history-count                    : 8
password-history-duration                 : 0 s
password-validator                        : Attribute Value, Character Set,
                                          : Dictionary, Length-Based Password
                                          : Validator
previous-last-login-time-format           : -
require-change-by-time                    : -
require-secure-authentication             : true
require-secure-password-changes           : true
$




	Trying to do it interactively fails to give the reason for the problem:
$ dsconfig -h localhost -p $ADMIN_PORT -D "cn=directory manager" -j $DS_PASS_FILE -X 




>>>> OpenDJ configuration console main menu

What do you want to configure?

    1)   Access Control Handler               21)  Log Publisher
    2)   Access Log Filtering Criteria        22)  Log Retention Policy
    3)   Account Status Notification Handler  23)  Log Rotation Policy
    4)   Administration Connector             24)  Matching Rule
    5)   Alert Handler                        25)  Monitor Provider
    6)   Attribute Syntax                     26)  Password Generator
    7)   Backend                              27)  Password Policy
    8)   Certificate Mapper                   28)  Password Storage Scheme
    9)   Connection Handler                   29)  Password Validator
    10)  Crypto Manager                       30)  Plugin
    11)  Debug Target                         31)  Plugin Root
    12)  Entry Cache                          32)  Replication Domain
    13)  Extended Operation Handler           33)  Replication Server
    14)  External Changelog Domain            34)  Root DN
    15)  Global Configuration                 35)  Root DSE Backend
    16)  Group Implementation                 36)  SASL Mechanism Handler
    17)  Identity Mapper                      37)  Synchronization Provider
    18)  Key Manager Provider                 38)  Trust Manager Provider
    19)  Local DB Index                       39)  Virtual Attribute
    20)  Local DB VLV Index                   40)  Work Queue

    q)   quit

Enter choice: 27


>>>> Password Policy management menu

What would you like to do?

    1)  List existing Password Policies
    2)  Create a new Password Policy
    3)  View and edit an existing Password Policy
    4)  Delete an existing Password Policy

    b)  back
    q)  quit

Enter choice [b]: 1
The Password Policies could not be retrieved because of the reasons listed
below:
$


	Although if you list them it knows them all, but fails if you select the custom one.
$ dsconfig -h localhost -p $ADMIN_PORT -D "cn=directory manager" -j $DS_PASS_FILE -X 




>>>> OpenDJ configuration console main menu

What do you want to configure?

    1)   Access Control Handler               21)  Log Publisher
    2)   Access Log Filtering Criteria        22)  Log Retention Policy
    3)   Account Status Notification Handler  23)  Log Rotation Policy
    4)   Administration Connector             24)  Matching Rule
    5)   Alert Handler                        25)  Monitor Provider
    6)   Attribute Syntax                     26)  Password Generator
    7)   Backend                              27)  Password Policy
    8)   Certificate Mapper                   28)  Password Storage Scheme
    9)   Connection Handler                   29)  Password Validator
    10)  Crypto Manager                       30)  Plugin
    11)  Debug Target                         31)  Plugin Root
    12)  Entry Cache                          32)  Replication Domain
    13)  Extended Operation Handler           33)  Replication Server
    14)  External Changelog Domain            34)  Root DN
    15)  Global Configuration                 35)  Root DSE Backend
    16)  Group Implementation                 36)  SASL Mechanism Handler
    17)  Identity Mapper                      37)  Synchronization Provider
    18)  Key Manager Provider                 38)  Trust Manager Provider
    19)  Local DB Index                       39)  Virtual Attribute
    20)  Local DB VLV Index                   40)  Work Queue

    q)   quit

Enter choice: 27


>>>> Password Policy management menu

What would you like to do?

    1)  List existing Password Policies
    2)  Create a new Password Policy
    3)  View and edit an existing Password Policy
    4)  Delete an existing Password Policy

    b)  back
    q)  quit

Enter choice [b]: 3


>>>> Select the Authentication Policy from the following list:

    1)  Corporate Password Policy
    2)  Default Password Policy
    3)  Root Password Policy

    c)  cancel
    q)  quit

Enter choice [c]: 1
The Password Policy could not be retrieved because of the reasons listed
below:
$



	But Default Policy is just fine ..



$ dsconfig -h localhost -p $ADMIN_PORT -D "cn=directory manager" -j $DS_PASS_FILE -X 


>>>> OpenDJ configuration console main menu

What do you want to configure?

    1)   Access Control Handler               21)  Log Publisher
    2)   Access Log Filtering Criteria        22)  Log Retention Policy
    3)   Account Status Notification Handler  23)  Log Rotation Policy
    4)   Administration Connector             24)  Matching Rule
    5)   Alert Handler                        25)  Monitor Provider
    6)   Attribute Syntax                     26)  Password Generator
    7)   Backend                              27)  Password Policy
    8)   Certificate Mapper                   28)  Password Storage Scheme
    9)   Connection Handler                   29)  Password Validator
    10)  Crypto Manager                       30)  Plugin
    11)  Debug Target                         31)  Plugin Root
    12)  Entry Cache                          32)  Replication Domain
    13)  Extended Operation Handler           33)  Replication Server
    14)  External Changelog Domain            34)  Root DN
    15)  Global Configuration                 35)  Root DSE Backend
    16)  Group Implementation                 36)  SASL Mechanism Handler
    17)  Identity Mapper                      37)  Synchronization Provider
    18)  Key Manager Provider                 38)  Trust Manager Provider
    19)  Local DB Index                       39)  Virtual Attribute
    20)  Local DB VLV Index                   40)  Work Queue

    q)   quit

Enter choice: 27


>>>> Password Policy management menu

What would you like to do?

    1)  List existing Password Policies
    2)  Create a new Password Policy
    3)  View and edit an existing Password Policy
    4)  Delete an existing Password Policy

    b)  back
    q)  quit

Enter choice [b]: 3


>>>> Select the Authentication Policy from the following list:

    1)  Corporate Password Policy
    2)  Default Password Policy
    3)  Root Password Policy

    c)  cancel
    q)  quit

Enter choice [c]: 2


>>>> Configure the properties of the Password Policy

         Property                                   Value(s)
         --------------------------------------------------------------------
    1)   account-status-notification-handler        -
    2)   allow-expired-password-changes             false
    3)   allow-user-password-changes                true
    4)   default-password-storage-scheme            Salted SHA-1
    5)   deprecated-password-storage-scheme         -
    6)   expire-passwords-without-warning           false
    7)   force-change-on-add                        false
    8)   force-change-on-reset                      false
    9)   grace-login-count                          0
    10)  idle-lockout-interval                      0 s
    11)  last-login-time-attribute                  -
    12)  last-login-time-format                     -
    13)  lockout-duration                           0 s
    14)  lockout-failure-count                      0
    15)  lockout-failure-expiration-interval        0 s
    16)  max-password-age                           0 s
    17)  max-password-reset-age                     0 s
    18)  min-password-age                           0 s
    19)  password-attribute                         userpassword
    20)  password-change-requires-current-password  false
    21)  password-expiration-warning-interval       5 d
    22)  password-generator                         Random Password Generator
    23)  password-history-count                     0
    24)  password-history-duration                  0 s
    25)  password-validator                         -
    26)  previous-last-login-time-format            -
    27)  require-change-by-time                     -
    28)  require-secure-authentication              false
    29)  require-secure-password-changes            false

    ?)   help
    f)   finish - apply any changes to the Password Policy
    c)   cancel
    q)   quit

Enter choice [f]: q
$