### Task List

- [x] Steps to reproduce provided
- [ ] Stacktrace (if present) provided
- [ ] Example that reproduces the problem uploaded to Github
- [x] Full description of the issue provided (see below)

### Steps to Reproduce

```
$ mn --version
| Micronaut Version: 1.0.0.M2
| JVM Version: 1.8.0_172
$ mn create-function test-func
| Function created at /Users/eric/source/test-func
$ cd test-func
$ ./gradlew assemble
....
BUILD SUCCESSFUL in 9s
10 actionable tasks: 10 executed
$ echo '{"text":"foo"}' | java -jar build/libs/test-func-0.1-all.jar
No data specified. Use -d to specify the data
```

### Expected Behaviour

The data from stdin is given to the function

### Actual Behaviour

Error:
```
No data specified. Use -d to specify the data
```
Adding -d does allow this to continue. The docs do not mention `-d`.

Note Groovy works without `-d`. 

### Environment Information

- **Operating System**: MacOSX 10.13.5
- **Micronaut Version:** 1.0.0.M2
- **JDK Version:** 1.8.0_172

### Example Application

- N/A

